// Jest Snapshot v1, https://goo.gl/fbAQLP

exports[`CytoswapV3Factory #createPool gas 1`] = `4557092`;

exports[`CytoswapV3Factory factory bytecode size 1`] = `24535`;

exports[`CytoswapV3Factory pool bytecode size 1`] = `22142`;
